metadata:
  creationTimestamp: null
  name: datadog
spec:
  features:
    logCollection:
      containerCollectAll: true
      containerCollectUsingFiles: true
      containerLogsPath: /foo/bar
      containerSymlinksPath: /docker
      enabled: true
      openFilesLimit: 32
      podLogsPath: /baz/dev
      tempStoragePath: /tmp
status: {}
