metadata:
  creationTimestamp: null
  name: datadog
spec:
  features: {}
status: {}
